// Jest Snapshot v1, https://goo.gl/fbAQLP

exports[`ArticleAuthor should render successfully 1`] = `
<body>
  <div>
    <section
      class="odd:bg-neutral-700 max-w-none"
    >
      <div
        class="max-w-prose mx-auto p-8 md:px-0 lg:py-16 flex flex-col md:flex-row gap-8 items-center md:items-start prose-headings:mt-0 prose-img:m-0"
      >
        <img
          alt="Kennie Davis"
          class="bg-neutral-950 rounded-full w-1/3 md:w-1/4 aspect-square"
          src="https://media.graphassets.com/mIH7lhHRTEiQU18HLARU"
        />
        <section>
          <h3>
            Hi, I'm 
            Kennie Davis
          </h3>
          <p>
            An Arizona native, father of three, and software engineer passionate about Nx, React, GraphQL and improving both the developer and user experience. I write about what I'm working on and learning along the way.
          </p>
          <div
            class="flex flex-row justify-evenly md:justify-start md:gap-x-2"
          >
            <a
              aria-label="github"
              class="social-icon"
              href="https://github.com/sellmeadog/nxify"
              style="display: inline-block; width: 30px; height: 30px; position: relative; overflow: hidden; vertical-align: middle;"
            >
              <div
                class="social-container"
                style="position: absolute; top: 0px; left: 0px; width: 100%; height: 100%;"
              >
                <svg
                  aria-label="github social icon"
                  class="social-svg"
                  role="img"
                  style="position: absolute; top: 0px; left: 0px; width: 100%; height: 100%; border-radius: 50%; fill-rule: evenodd;"
                  viewBox="0 0 64 64"
                >
                  <g
                    class="social-svg-icon"
                    style="transition: fill 170ms ease-in-out; fill: white;"
                  >
                    <path
                      d="M0,0H64V64H0ZM0,0v64h64V0H0z M37.1,47.2c-0.8,0.2-1.1-0.3-1.1-0.8c0-0.5,0-2.3,0-4.4c0-1.5-0.5-2.5-1.1-3 c3.6-0.4,7.3-1.7,7.3-7.9c0-1.7-0.6-3.2-1.6-4.3c0.2-0.4,0.7-2-0.2-4.2c0,0-1.3-0.4-4.4,1.6c-1.3-0.4-2.6-0.5-4-0.5 c-1.4,0-2.7,0.2-4,0.5c-3.1-2.1-4.4-1.6-4.4-1.6c-0.9,2.2-0.3,3.8-0.2,4.2c-1,1.1-1.6,2.5-1.6,4.3c0,6.1,3.7,7.5,7.3,7.9 c-0.5,0.4-0.9,1.1-1,2.1c-0.9,0.4-3.2,1.1-4.7-1.3c0,0-0.8-1.5-2.5-1.6c0,0-1.6,0-0.1,1c0,0,1,0.5,1.8,2.3c0,0,0.9,3.1,5.4,2.1 c0,1.3,0,2.3,0,2.7c0,0.4-0.3,0.9-1.1,0.8C20.6,45.1,16,39.1,16,32c0-8.8,7.2-16,16-16c8.8,0,16,7.2,16,16 C48,39.1,43.4,45.1,37.1,47.2z"
                    />
                  </g>
                  <g
                    class="social-svg-mask"
                    style="transition: fill 170ms ease-in-out; fill: rgb(10 10 10);"
                  >
                    <path
                      d="M0,0v64h64V0H0z M37.1,47.2c-0.8,0.2-1.1-0.3-1.1-0.8c0-0.5,0-2.3,0-4.4c0-1.5-0.5-2.5-1.1-3 c3.6-0.4,7.3-1.7,7.3-7.9c0-1.7-0.6-3.2-1.6-4.3c0.2-0.4,0.7-2-0.2-4.2c0,0-1.3-0.4-4.4,1.6c-1.3-0.4-2.6-0.5-4-0.5 c-1.4,0-2.7,0.2-4,0.5c-3.1-2.1-4.4-1.6-4.4-1.6c-0.9,2.2-0.3,3.8-0.2,4.2c-1,1.1-1.6,2.5-1.6,4.3c0,6.1,3.7,7.5,7.3,7.9 c-0.5,0.4-0.9,1.1-1,2.1c-0.9,0.4-3.2,1.1-4.7-1.3c0,0-0.8-1.5-2.5-1.6c0,0-1.6,0-0.1,1c0,0,1,0.5,1.8,2.3c0,0,0.9,3.1,5.4,2.1 c0,1.3,0,2.3,0,2.7c0,0.4-0.3,0.9-1.1,0.8C20.6,45.1,16,39.1,16,32c0-8.8,7.2-16,16-16c8.8,0,16,7.2,16,16 C48,39.1,43.4,45.1,37.1,47.2z"
                    />
                  </g>
                </svg>
              </div>
            </a>
            <a
              aria-label="linkedin"
              class="social-icon"
              href="https://linkedin.com/in/kenniejaydavis"
              style="display: inline-block; width: 30px; height: 30px; position: relative; overflow: hidden; vertical-align: middle;"
            >
              <div
                class="social-container"
                style="position: absolute; top: 0px; left: 0px; width: 100%; height: 100%;"
              >
                <svg
                  aria-label="linkedin social icon"
                  class="social-svg"
                  role="img"
                  style="position: absolute; top: 0px; left: 0px; width: 100%; height: 100%; border-radius: 50%; fill-rule: evenodd;"
                  viewBox="0 0 64 64"
                >
                  <g
                    class="social-svg-icon"
                    style="transition: fill 170ms ease-in-out; fill: white;"
                  >
                    <path
                      d="M0,0H64V64H0ZM0,0v64h64V0H0z M25.8,44h-5.4V26.6h5.4V44z M23.1,24.3c-1.7,0-3.1-1.4-3.1-3.1c0-1.7,1.4-3.1,3.1-3.1 c1.7,0,3.1,1.4,3.1,3.1C26.2,22.9,24.8,24.3,23.1,24.3z M46,44h-5.4v-8.4c0-2,0-4.6-2.8-4.6c-2.8,0-3.2,2.2-3.2,4.5V44h-5.4V26.6 h5.2V29h0.1c0.7-1.4,2.5-2.8,5.1-2.8c5.5,0,6.5,3.6,6.5,8.3V44z"
                    />
                  </g>
                  <g
                    class="social-svg-mask"
                    style="transition: fill 170ms ease-in-out; fill: rgb(10 10 10);"
                  >
                    <path
                      d="M0,0v64h64V0H0z M25.8,44h-5.4V26.6h5.4V44z M23.1,24.3c-1.7,0-3.1-1.4-3.1-3.1c0-1.7,1.4-3.1,3.1-3.1 c1.7,0,3.1,1.4,3.1,3.1C26.2,22.9,24.8,24.3,23.1,24.3z M46,44h-5.4v-8.4c0-2,0-4.6-2.8-4.6c-2.8,0-3.2,2.2-3.2,4.5V44h-5.4V26.6 h5.2V29h0.1c0.7-1.4,2.5-2.8,5.1-2.8c5.5,0,6.5,3.6,6.5,8.3V44z"
                    />
                  </g>
                </svg>
              </div>
            </a>
            <a
              aria-label="x"
              class="social-icon"
              href="https://twitter.com/kenniejaydavis"
              style="display: inline-block; width: 30px; height: 30px; position: relative; overflow: hidden; vertical-align: middle;"
            >
              <div
                class="social-container"
                style="position: absolute; top: 0px; left: 0px; width: 100%; height: 100%;"
              >
                <svg
                  aria-label="x social icon"
                  class="social-svg"
                  role="img"
                  style="position: absolute; top: 0px; left: 0px; width: 100%; height: 100%; border-radius: 50%; fill-rule: evenodd;"
                  viewBox="0 0 64 64"
                >
                  <g
                    class="social-svg-icon"
                    style="transition: fill 170ms ease-in-out; fill: white;"
                  >
                    <path
                      d="M0,0H64V64H0ZM 0 0 L 0 64 L 64 64 L 64 0 L 0 0 z M 16 17.537109 L 26.125 17.537109 L 33.117188 26.779297 L 41.201172 17.537109 L 46.109375 17.537109 L 35.388672 29.789062 L 48 46.462891 L 38.125 46.462891 L 30.390625 36.351562 L 21.541016 46.462891 L 16.632812 46.462891 L 28.097656 33.357422 L 16 17.537109 z M 21.730469 20.320312 L 39.480469 43.525391 L 42.199219 43.525391 L 24.648438 20.320312 L 21.730469 20.320312 z "
                    />
                  </g>
                  <g
                    class="social-svg-mask"
                    style="transition: fill 170ms ease-in-out; fill: rgb(10 10 10);"
                  >
                    <path
                      d="M 0 0 L 0 64 L 64 64 L 64 0 L 0 0 z M 16 17.537109 L 26.125 17.537109 L 33.117188 26.779297 L 41.201172 17.537109 L 46.109375 17.537109 L 35.388672 29.789062 L 48 46.462891 L 38.125 46.462891 L 30.390625 36.351562 L 21.541016 46.462891 L 16.632812 46.462891 L 28.097656 33.357422 L 16 17.537109 z M 21.730469 20.320312 L 39.480469 43.525391 L 42.199219 43.525391 L 24.648438 20.320312 L 21.730469 20.320312 z "
                    />
                  </g>
                </svg>
              </div>
            </a>
          </div>
        </section>
      </div>
    </section>
  </div>
</body>
`;
